// Jest Snapshot v1, https://goo.gl/fbAQLP

exports[`Testing Marks component Testing snapshot 1`] = `
<div
  className="Marks-container"
>
  <h2
    className="title"
  >
    Student
    's score:
  </h2>
</div>
`;
