// Jest Snapshot v1, https://goo.gl/fbAQLP

exports[`Testing Parent component Testing snapshot 1`] = `
<div
  className="parent-container"
>
  <h2
    className="title"
  >
    My children
  </h2>
  <div
    className="children"
  />
</div>
`;
