// Jest Snapshot v1, https://goo.gl/fbAQLP

exports[`Testing Subject component Testing snapshot 1`] = `undefined`;
